components/HybridDataPanel.tsx(643,55): error TS2339: Property 'hasEnoughData' does not exist on type 'SLOptimization'.
components/HybridDataPanel.tsx(682,45): error TS2339: Property 'contextRecommendations' does not exist on type 'SLOptimization'.
components/HybridDataPanel.tsx(684,53): error TS2339: Property 'contextRecommendations' does not exist on type 'SLOptimization'.
components/Journal.tsx(175,78): error TS2322: Type '{ className: string; }' is not assignable to type 'IntrinsicAttributes'.
  Property 'className' does not exist on type 'IntrinsicAttributes'.
